Archive member included because of file (symbol)

c:/program files (x86)/gnu tools arm embedded/4.9 2015q3/bin/../lib/gcc/arm-none-eabi/4.9.3/../../../../arm-none-eabi/lib/armv7e-m/fpu\libc.a(lib_a-exit.o)
                              c:/program files (x86)/gnu tools arm embedded/4.9 2015q3/bin/../lib/gcc/arm-none-eabi/4.9.3/../../../../arm-none-eabi/lib/armv7e-m/fpu/crt0.o (exit)
c:/program files (x86)/gnu tools arm embedded/4.9 2015q3/bin/../lib/gcc/arm-none-eabi/4.9.3/../../../../arm-none-eabi/lib/armv7e-m/fpu\libc.a(lib_a-impure.o)
                              c:/program files (x86)/gnu tools arm embedded/4.9 2015q3/bin/../lib/gcc/arm-none-eabi/4.9.3/../../../../arm-none-eabi/lib/armv7e-m/fpu\libc.a(lib_a-exit.o) (_global_impure_ptr)
c:/program files (x86)/gnu tools arm embedded/4.9 2015q3/bin/../lib/gcc/arm-none-eabi/4.9.3/../../../../arm-none-eabi/lib/armv7e-m/fpu\libc.a(lib_a-init.o)
                              c:/program files (x86)/gnu tools arm embedded/4.9 2015q3/bin/../lib/gcc/arm-none-eabi/4.9.3/../../../../arm-none-eabi/lib/armv7e-m/fpu/crt0.o (__libc_init_array)
c:/program files (x86)/gnu tools arm embedded/4.9 2015q3/bin/../lib/gcc/arm-none-eabi/4.9.3/../../../../arm-none-eabi/lib/armv7e-m/fpu\libc.a(lib_a-memset.o)
                              c:/program files (x86)/gnu tools arm embedded/4.9 2015q3/bin/../lib/gcc/arm-none-eabi/4.9.3/../../../../arm-none-eabi/lib/armv7e-m/fpu/crt0.o (memset)
c:/program files (x86)/gnu tools arm embedded/4.9 2015q3/bin/../lib/gcc/arm-none-eabi/4.9.3/../../../../arm-none-eabi/lib/armv7e-m/fpu\libc.a(lib_a-__call_atexit.o)
                              c:/program files (x86)/gnu tools arm embedded/4.9 2015q3/bin/../lib/gcc/arm-none-eabi/4.9.3/../../../../arm-none-eabi/lib/armv7e-m/fpu\libc.a(lib_a-exit.o) (__call_exitprocs)
c:/program files (x86)/gnu tools arm embedded/4.9 2015q3/bin/../lib/gcc/arm-none-eabi/4.9.3/../../../../arm-none-eabi/lib/armv7e-m/fpu\libc.a(lib_a-atexit.o)
                              c:/program files (x86)/gnu tools arm embedded/4.9 2015q3/bin/../lib/gcc/arm-none-eabi/4.9.3/../../../../arm-none-eabi/lib/armv7e-m/fpu\libc.a(lib_a-__call_atexit.o) (atexit)
c:/program files (x86)/gnu tools arm embedded/4.9 2015q3/bin/../lib/gcc/arm-none-eabi/4.9.3/../../../../arm-none-eabi/lib/armv7e-m/fpu\libc.a(lib_a-fini.o)
                              c:/program files (x86)/gnu tools arm embedded/4.9 2015q3/bin/../lib/gcc/arm-none-eabi/4.9.3/../../../../arm-none-eabi/lib/armv7e-m/fpu\libc.a(lib_a-__call_atexit.o) (__libc_fini_array)
c:/program files (x86)/gnu tools arm embedded/4.9 2015q3/bin/../lib/gcc/arm-none-eabi/4.9.3/../../../../arm-none-eabi/lib/armv7e-m/fpu\libc.a(lib_a-__atexit.o)
                              c:/program files (x86)/gnu tools arm embedded/4.9 2015q3/bin/../lib/gcc/arm-none-eabi/4.9.3/../../../../arm-none-eabi/lib/armv7e-m/fpu\libc.a(lib_a-atexit.o) (__register_exitproc)

Allocating common symbols
Common symbol       size              file

uwTick              0x4               ..\obj\stm32f4xx_hal.o
pFlash              0x20              ..\obj\stm32f4xx_hal_flash.o

Discarded input sections

 .text          0x00000000        0x0 c:/program files (x86)/gnu tools arm embedded/4.9 2015q3/bin/../lib/gcc/arm-none-eabi/4.9.3/armv7e-m/fpu/crti.o
 .data          0x00000000        0x0 c:/program files (x86)/gnu tools arm embedded/4.9 2015q3/bin/../lib/gcc/arm-none-eabi/4.9.3/armv7e-m/fpu/crti.o
 .bss           0x00000000        0x0 c:/program files (x86)/gnu tools arm embedded/4.9 2015q3/bin/../lib/gcc/arm-none-eabi/4.9.3/armv7e-m/fpu/crti.o
 .data          0x00000000        0x4 c:/program files (x86)/gnu tools arm embedded/4.9 2015q3/bin/../lib/gcc/arm-none-eabi/4.9.3/armv7e-m/fpu/crtbegin.o
 .text          0x00000000       0x74 c:/program files (x86)/gnu tools arm embedded/4.9 2015q3/bin/../lib/gcc/arm-none-eabi/4.9.3/../../../../arm-none-eabi/lib/armv7e-m/fpu/crt0.o
 .data          0x00000000        0x0 c:/program files (x86)/gnu tools arm embedded/4.9 2015q3/bin/../lib/gcc/arm-none-eabi/4.9.3/../../../../arm-none-eabi/lib/armv7e-m/fpu/crt0.o
 .bss           0x00000000        0x0 c:/program files (x86)/gnu tools arm embedded/4.9 2015q3/bin/../lib/gcc/arm-none-eabi/4.9.3/../../../../arm-none-eabi/lib/armv7e-m/fpu/crt0.o
 .ARM.extab     0x00000000        0x0 c:/program files (x86)/gnu tools arm embedded/4.9 2015q3/bin/../lib/gcc/arm-none-eabi/4.9.3/../../../../arm-none-eabi/lib/armv7e-m/fpu/crt0.o
 .ARM.exidx     0x00000000        0x8 c:/program files (x86)/gnu tools arm embedded/4.9 2015q3/bin/../lib/gcc/arm-none-eabi/4.9.3/../../../../arm-none-eabi/lib/armv7e-m/fpu/crt0.o
 .ARM.attributes
                0x00000000       0x20 c:/program files (x86)/gnu tools arm embedded/4.9 2015q3/bin/../lib/gcc/arm-none-eabi/4.9.3/../../../../arm-none-eabi/lib/armv7e-m/fpu/crt0.o
 .text          0x00000000        0x0 c:/program files (x86)/gnu tools arm embedded/4.9 2015q3/bin/../lib/gcc/arm-none-eabi/4.9.3/../../../../arm-none-eabi/lib/armv7e-m/fpu\libc.a(lib_a-exit.o)
 .data          0x00000000        0x0 c:/program files (x86)/gnu tools arm embedded/4.9 2015q3/bin/../lib/gcc/arm-none-eabi/4.9.3/../../../../arm-none-eabi/lib/armv7e-m/fpu\libc.a(lib_a-exit.o)
 .bss           0x00000000        0x0 c:/program files (x86)/gnu tools arm embedded/4.9 2015q3/bin/../lib/gcc/arm-none-eabi/4.9.3/../../../../arm-none-eabi/lib/armv7e-m/fpu\libc.a(lib_a-exit.o)
 .text.exit     0x00000000       0x20 c:/program files (x86)/gnu tools arm embedded/4.9 2015q3/bin/../lib/gcc/arm-none-eabi/4.9.3/../../../../arm-none-eabi/lib/armv7e-m/fpu\libc.a(lib_a-exit.o)
 .debug_frame   0x00000000       0x28 c:/program files (x86)/gnu tools arm embedded/4.9 2015q3/bin/../lib/gcc/arm-none-eabi/4.9.3/../../../../arm-none-eabi/lib/armv7e-m/fpu\libc.a(lib_a-exit.o)
 .ARM.attributes
                0x00000000       0x34 c:/program files (x86)/gnu tools arm embedded/4.9 2015q3/bin/../lib/gcc/arm-none-eabi/4.9.3/../../../../arm-none-eabi/lib/armv7e-m/fpu\libc.a(lib_a-exit.o)
 .text          0x00000000        0x0 c:/program files (x86)/gnu tools arm embedded/4.9 2015q3/bin/../lib/gcc/arm-none-eabi/4.9.3/../../../../arm-none-eabi/lib/armv7e-m/fpu\libc.a(lib_a-impure.o)
 .data          0x00000000        0x0 c:/program files (x86)/gnu tools arm embedded/4.9 2015q3/bin/../lib/gcc/arm-none-eabi/4.9.3/../../../../arm-none-eabi/lib/armv7e-m/fpu\libc.a(lib_a-impure.o)
 .bss           0x00000000        0x0 c:/program files (x86)/gnu tools arm embedded/4.9 2015q3/bin/../lib/gcc/arm-none-eabi/4.9.3/../../../../arm-none-eabi/lib/armv7e-m/fpu\libc.a(lib_a-impure.o)
 .data._impure_ptr
                0x00000000        0x4 c:/program files (x86)/gnu tools arm embedded/4.9 2015q3/bin/../lib/gcc/arm-none-eabi/4.9.3/../../../../arm-none-eabi/lib/armv7e-m/fpu\libc.a(lib_a-impure.o)
 .ARM.attributes
                0x00000000       0x34 c:/program files (x86)/gnu tools arm embedded/4.9 2015q3/bin/../lib/gcc/arm-none-eabi/4.9.3/../../../../arm-none-eabi/lib/armv7e-m/fpu\libc.a(lib_a-impure.o)
 .text          0x00000000        0x0 c:/program files (x86)/gnu tools arm embedded/4.9 2015q3/bin/../lib/gcc/arm-none-eabi/4.9.3/../../../../arm-none-eabi/lib/armv7e-m/fpu\libc.a(lib_a-init.o)
 .data          0x00000000        0x0 c:/program files (x86)/gnu tools arm embedded/4.9 2015q3/bin/../lib/gcc/arm-none-eabi/4.9.3/../../../../arm-none-eabi/lib/armv7e-m/fpu\libc.a(lib_a-init.o)
 .bss           0x00000000        0x0 c:/program files (x86)/gnu tools arm embedded/4.9 2015q3/bin/../lib/gcc/arm-none-eabi/4.9.3/../../../../arm-none-eabi/lib/armv7e-m/fpu\libc.a(lib_a-init.o)
 .debug_frame   0x00000000       0x2c c:/program files (x86)/gnu tools arm embedded/4.9 2015q3/bin/../lib/gcc/arm-none-eabi/4.9.3/../../../../arm-none-eabi/lib/armv7e-m/fpu\libc.a(lib_a-init.o)
 .ARM.attributes
                0x00000000       0x34 c:/program files (x86)/gnu tools arm embedded/4.9 2015q3/bin/../lib/gcc/arm-none-eabi/4.9.3/../../../../arm-none-eabi/lib/armv7e-m/fpu\libc.a(lib_a-init.o)
 .text          0x00000000        0x0 c:/program files (x86)/gnu tools arm embedded/4.9 2015q3/bin/../lib/gcc/arm-none-eabi/4.9.3/../../../../arm-none-eabi/lib/armv7e-m/fpu\libc.a(lib_a-memset.o)
 .data          0x00000000        0x0 c:/program files (x86)/gnu tools arm embedded/4.9 2015q3/bin/../lib/gcc/arm-none-eabi/4.9.3/../../../../arm-none-eabi/lib/armv7e-m/fpu\libc.a(lib_a-memset.o)
 .bss           0x00000000        0x0 c:/program files (x86)/gnu tools arm embedded/4.9 2015q3/bin/../lib/gcc/arm-none-eabi/4.9.3/../../../../arm-none-eabi/lib/armv7e-m/fpu\libc.a(lib_a-memset.o)
 .text.memset   0x00000000       0x9c c:/program files (x86)/gnu tools arm embedded/4.9 2015q3/bin/../lib/gcc/arm-none-eabi/4.9.3/../../../../arm-none-eabi/lib/armv7e-m/fpu\libc.a(lib_a-memset.o)
 .debug_frame   0x00000000       0x34 c:/program files (x86)/gnu tools arm embedded/4.9 2015q3/bin/../lib/gcc/arm-none-eabi/4.9.3/../../../../arm-none-eabi/lib/armv7e-m/fpu\libc.a(lib_a-memset.o)
 .ARM.attributes
                0x00000000       0x34 c:/program files (x86)/gnu tools arm embedded/4.9 2015q3/bin/../lib/gcc/arm-none-eabi/4.9.3/../../../../arm-none-eabi/lib/armv7e-m/fpu\libc.a(lib_a-memset.o)
 .text          0x00000000        0x0 c:/program files (x86)/gnu tools arm embedded/4.9 2015q3/bin/../lib/gcc/arm-none-eabi/4.9.3/../../../../arm-none-eabi/lib/armv7e-m/fpu\libc.a(lib_a-__call_atexit.o)
 .data          0x00000000        0x0 c:/program files (x86)/gnu tools arm embedded/4.9 2015q3/bin/../lib/gcc/arm-none-eabi/4.9.3/../../../../arm-none-eabi/lib/armv7e-m/fpu\libc.a(lib_a-__call_atexit.o)
 .bss           0x00000000        0x0 c:/program files (x86)/gnu tools arm embedded/4.9 2015q3/bin/../lib/gcc/arm-none-eabi/4.9.3/../../../../arm-none-eabi/lib/armv7e-m/fpu\libc.a(lib_a-__call_atexit.o)
 .text.__call_exitprocs
                0x00000000       0xd4 c:/program files (x86)/gnu tools arm embedded/4.9 2015q3/bin/../lib/gcc/arm-none-eabi/4.9.3/../../../../arm-none-eabi/lib/armv7e-m/fpu\libc.a(lib_a-__call_atexit.o)
 .debug_frame   0x00000000       0x50 c:/program files (x86)/gnu tools arm embedded/4.9 2015q3/bin/../lib/gcc/arm-none-eabi/4.9.3/../../../../arm-none-eabi/lib/armv7e-m/fpu\libc.a(lib_a-__call_atexit.o)
 .ARM.attributes
                0x00000000       0x34 c:/program files (x86)/gnu tools arm embedded/4.9 2015q3/bin/../lib/gcc/arm-none-eabi/4.9.3/../../../../arm-none-eabi/lib/armv7e-m/fpu\libc.a(lib_a-__call_atexit.o)
 .text          0x00000000        0x0 c:/program files (x86)/gnu tools arm embedded/4.9 2015q3/bin/../lib/gcc/arm-none-eabi/4.9.3/../../../../arm-none-eabi/lib/armv7e-m/fpu\libc.a(lib_a-atexit.o)
 .data          0x00000000        0x0 c:/program files (x86)/gnu tools arm embedded/4.9 2015q3/bin/../lib/gcc/arm-none-eabi/4.9.3/../../../../arm-none-eabi/lib/armv7e-m/fpu\libc.a(lib_a-atexit.o)
 .bss           0x00000000        0x0 c:/program files (x86)/gnu tools arm embedded/4.9 2015q3/bin/../lib/gcc/arm-none-eabi/4.9.3/../../../../arm-none-eabi/lib/armv7e-m/fpu\libc.a(lib_a-atexit.o)
 .debug_frame   0x00000000       0x20 c:/program files (x86)/gnu tools arm embedded/4.9 2015q3/bin/../lib/gcc/arm-none-eabi/4.9.3/../../../../arm-none-eabi/lib/armv7e-m/fpu\libc.a(lib_a-atexit.o)
 .ARM.attributes
                0x00000000       0x34 c:/program files (x86)/gnu tools arm embedded/4.9 2015q3/bin/../lib/gcc/arm-none-eabi/4.9.3/../../../../arm-none-eabi/lib/armv7e-m/fpu\libc.a(lib_a-atexit.o)
 .text          0x00000000        0x0 c:/program files (x86)/gnu tools arm embedded/4.9 2015q3/bin/../lib/gcc/arm-none-eabi/4.9.3/../../../../arm-none-eabi/lib/armv7e-m/fpu\libc.a(lib_a-fini.o)
 .data          0x00000000        0x0 c:/program files (x86)/gnu tools arm embedded/4.9 2015q3/bin/../lib/gcc/arm-none-eabi/4.9.3/../../../../arm-none-eabi/lib/armv7e-m/fpu\libc.a(lib_a-fini.o)
 .bss           0x00000000        0x0 c:/program files (x86)/gnu tools arm embedded/4.9 2015q3/bin/../lib/gcc/arm-none-eabi/4.9.3/../../../../arm-none-eabi/lib/armv7e-m/fpu\libc.a(lib_a-fini.o)
 .debug_frame   0x00000000       0x34 c:/program files (x86)/gnu tools arm embedded/4.9 2015q3/bin/../lib/gcc/arm-none-eabi/4.9.3/../../../../arm-none-eabi/lib/armv7e-m/fpu\libc.a(lib_a-fini.o)
 .ARM.attributes
                0x00000000       0x34 c:/program files (x86)/gnu tools arm embedded/4.9 2015q3/bin/../lib/gcc/arm-none-eabi/4.9.3/../../../../arm-none-eabi/lib/armv7e-m/fpu\libc.a(lib_a-fini.o)
 .text          0x00000000        0x0 c:/program files (x86)/gnu tools arm embedded/4.9 2015q3/bin/../lib/gcc/arm-none-eabi/4.9.3/../../../../arm-none-eabi/lib/armv7e-m/fpu\libc.a(lib_a-__atexit.o)
 .data          0x00000000        0x0 c:/program files (x86)/gnu tools arm embedded/4.9 2015q3/bin/../lib/gcc/arm-none-eabi/4.9.3/../../../../arm-none-eabi/lib/armv7e-m/fpu\libc.a(lib_a-__atexit.o)
 .bss           0x00000000        0x0 c:/program files (x86)/gnu tools arm embedded/4.9 2015q3/bin/../lib/gcc/arm-none-eabi/4.9.3/../../../../arm-none-eabi/lib/armv7e-m/fpu\libc.a(lib_a-__atexit.o)
 .debug_frame   0x00000000       0x34 c:/program files (x86)/gnu tools arm embedded/4.9 2015q3/bin/../lib/gcc/arm-none-eabi/4.9.3/../../../../arm-none-eabi/lib/armv7e-m/fpu\libc.a(lib_a-__atexit.o)
 .ARM.attributes
                0x00000000       0x34 c:/program files (x86)/gnu tools arm embedded/4.9 2015q3/bin/../lib/gcc/arm-none-eabi/4.9.3/../../../../arm-none-eabi/lib/armv7e-m/fpu\libc.a(lib_a-__atexit.o)
 .data          0x00000000        0x0 ..\obj\main.o
 .bss           0x00000000        0x0 ..\obj\main.o
 .data          0x00000000        0x0 ..\obj\stm32f4xx_hal_flash_ex.o
 .bss           0x00000000        0x0 ..\obj\stm32f4xx_hal_flash_ex.o
 .data          0x00000000        0x0 ..\obj\stm32f4xx_hal.o
 .bss           0x00000000        0x0 ..\obj\stm32f4xx_hal.o
 .data          0x00000000        0x0 ..\obj\stm32f4xx_hal_cortex.o
 .bss           0x00000000        0x0 ..\obj\stm32f4xx_hal_cortex.o
 .text          0x00000000        0x0 ..\obj\stm32f4xx_hal_flash_ramfunc.o
 .data          0x00000000        0x0 ..\obj\stm32f4xx_hal_flash_ramfunc.o
 .bss           0x00000000        0x0 ..\obj\stm32f4xx_hal_flash_ramfunc.o
 .debug_info    0x00000000       0x99 ..\obj\stm32f4xx_hal_flash_ramfunc.o
 .debug_abbrev  0x00000000       0x4b ..\obj\stm32f4xx_hal_flash_ramfunc.o
 .debug_aranges
                0x00000000       0x18 ..\obj\stm32f4xx_hal_flash_ramfunc.o
 .debug_line    0x00000000      0x12d ..\obj\stm32f4xx_hal_flash_ramfunc.o
 .debug_str     0x00000000      0x1da ..\obj\stm32f4xx_hal_flash_ramfunc.o
 .comment       0x00000000       0x71 ..\obj\stm32f4xx_hal_flash_ramfunc.o
 .ARM.attributes
                0x00000000       0x39 ..\obj\stm32f4xx_hal_flash_ramfunc.o
 .bss           0x00000000        0x0 ..\obj\system_stm32f4xx.o
 .text          0x00000000       0x14 ..\obj\startup_stm32f429xx.o
 .data          0x00000000        0x0 ..\obj\startup_stm32f429xx.o
 .bss           0x00000000        0x0 ..\obj\startup_stm32f429xx.o
 .data          0x00000000        0x0 ..\obj\stm32f4xx_hal_flash.o
 .bss           0x00000000        0x0 ..\obj\stm32f4xx_hal_flash.o
 .text          0x00000000        0x0 c:/program files (x86)/gnu tools arm embedded/4.9 2015q3/bin/../lib/gcc/arm-none-eabi/4.9.3/armv7e-m/fpu/crtend.o
 .data          0x00000000        0x0 c:/program files (x86)/gnu tools arm embedded/4.9 2015q3/bin/../lib/gcc/arm-none-eabi/4.9.3/armv7e-m/fpu/crtend.o
 .bss           0x00000000        0x0 c:/program files (x86)/gnu tools arm embedded/4.9 2015q3/bin/../lib/gcc/arm-none-eabi/4.9.3/armv7e-m/fpu/crtend.o
 .eh_frame      0x00000000        0x4 c:/program files (x86)/gnu tools arm embedded/4.9 2015q3/bin/../lib/gcc/arm-none-eabi/4.9.3/armv7e-m/fpu/crtend.o
 .jcr           0x00000000        0x4 c:/program files (x86)/gnu tools arm embedded/4.9 2015q3/bin/../lib/gcc/arm-none-eabi/4.9.3/armv7e-m/fpu/crtend.o
 .ARM.attributes
                0x00000000       0x34 c:/program files (x86)/gnu tools arm embedded/4.9 2015q3/bin/../lib/gcc/arm-none-eabi/4.9.3/armv7e-m/fpu/crtend.o
 .text          0x00000000        0x0 c:/program files (x86)/gnu tools arm embedded/4.9 2015q3/bin/../lib/gcc/arm-none-eabi/4.9.3/armv7e-m/fpu/crtn.o
 .data          0x00000000        0x0 c:/program files (x86)/gnu tools arm embedded/4.9 2015q3/bin/../lib/gcc/arm-none-eabi/4.9.3/armv7e-m/fpu/crtn.o
 .bss           0x00000000        0x0 c:/program files (x86)/gnu tools arm embedded/4.9 2015q3/bin/../lib/gcc/arm-none-eabi/4.9.3/armv7e-m/fpu/crtn.o

Memory Configuration

Name             Origin             Length             Attributes
FLASH            0x08000000         0x00200000         xr
RAM              0x20000000         0x00030000         xrw
CCMRAM           0x10000000         0x00010000         rw
*default*        0x00000000         0xffffffff

Linker script and memory map

LOAD c:/program files (x86)/gnu tools arm embedded/4.9 2015q3/bin/../lib/gcc/arm-none-eabi/4.9.3/armv7e-m/fpu/crti.o
LOAD c:/program files (x86)/gnu tools arm embedded/4.9 2015q3/bin/../lib/gcc/arm-none-eabi/4.9.3/armv7e-m/fpu/crtbegin.o
LOAD c:/program files (x86)/gnu tools arm embedded/4.9 2015q3/bin/../lib/gcc/arm-none-eabi/4.9.3/../../../../arm-none-eabi/lib/armv7e-m/fpu/crt0.o
                0x2002ffff                _estack = 0x2002ffff
                0x00000200                _Min_Heap_Size = 0x200
                0x00000400                _Min_Stack_Size = 0x400

.isr_vector     0x08000000      0x1ac
                0x08000000                . = ALIGN (0x4)
 *(.isr_vector)
 .isr_vector    0x08000000      0x1ac ..\obj\startup_stm32f429xx.o
                0x08000000                g_pfnVectors
                0x080001ac                . = ALIGN (0x4)

.text           0x080001ac     0x1f08
                0x080001ac                . = ALIGN (0x4)
 *(.text)
 .text          0x080001ac       0x5c c:/program files (x86)/gnu tools arm embedded/4.9 2015q3/bin/../lib/gcc/arm-none-eabi/4.9.3/armv7e-m/fpu/crtbegin.o
 .text          0x08000208      0x110 ..\obj\main.o
                0x08000208                flashEraseInit
                0x08000240                main
 .text          0x08000318      0xa2c ..\obj\stm32f4xx_hal_flash_ex.o
                0x08000318                HAL_FLASHEx_Erase
                0x080003fc                HAL_FLASHEx_Erase_IT
                0x080004a8                HAL_FLASHEx_OBProgram
                0x08000588                HAL_FLASHEx_OBGetConfig
                0x080005cc                HAL_FLASHEx_AdvOBProgram
                0x08000650                HAL_FLASHEx_AdvOBGetConfig
                0x0800068c                HAL_FLASHEx_OB_SelectPCROP
                0x080006c0                HAL_FLASHEx_OB_DeSelectPCROP
                0x080006f0                HAL_FLASHEx_OB_GetBank2WRP
                0x08000778                FLASH_Erase_Sector
                0x08000cbc                FLASH_FlushCaches
 .text          0x08000d44      0x374 ..\obj\stm32f4xx_hal.o
                0x08000d44                HAL_Init
                0x08000d88                HAL_DeInit
                0x08000de0                HAL_MspInit
                0x08000dec                HAL_MspDeInit
                0x08000df8                HAL_InitTick
                0x08000e30                HAL_IncTick
                0x08000e4c                HAL_GetTick
                0x08000e64                HAL_Delay
                0x08000e90                HAL_SuspendTick
                0x08000eac                HAL_ResumeTick
                0x08000ec8                HAL_GetHalVersion
                0x08000edc                HAL_GetREVID
                0x08000ef4                HAL_GetDEVID
                0x08000f10                HAL_DBGMCU_EnableDBGSleepMode
                0x08000f2c                HAL_DBGMCU_DisableDBGSleepMode
                0x08000f48                HAL_DBGMCU_EnableDBGStopMode
                0x08000f64                HAL_DBGMCU_DisableDBGStopMode
                0x08000f80                HAL_DBGMCU_EnableDBGStandbyMode
                0x08000f9c                HAL_DBGMCU_DisableDBGStandbyMode
                0x08000fb8                HAL_EnableCompensationCell
                0x08000ff8                HAL_DisableCompensationCell
                0x08001038                HAL_EnableMemorySwappingBank
                0x08001078                HAL_DisableMemorySwappingBank
 .text          0x080010b8      0x5c8 ..\obj\stm32f4xx_hal_cortex.o
                0x0800144c                HAL_NVIC_SetPriorityGrouping
                0x08001460                HAL_NVIC_SetPriority
                0x08001498                HAL_NVIC_EnableIRQ
                0x080014b4                HAL_NVIC_DisableIRQ
                0x080014d0                HAL_NVIC_SystemReset
                0x080014dc                HAL_SYSTICK_Config
                0x080014f4                HAL_MPU_ConfigRegion
                0x08001578                HAL_NVIC_GetPriorityGrouping
                0x08001588                HAL_NVIC_GetPriority
                0x080015b8                HAL_NVIC_SetPendingIRQ
                0x080015d4                HAL_NVIC_GetPendingIRQ
                0x080015f4                HAL_NVIC_ClearPendingIRQ
                0x08001610                HAL_NVIC_GetActive
                0x08001630                HAL_SYSTICK_CLKSourceConfig
                0x08001668                HAL_SYSTICK_IRQHandler
                0x08001674                HAL_SYSTICK_Callback
 .text          0x08001680      0x28c ..\obj\system_stm32f4xx.o
                0x08001680                SystemInit
                0x080016e8                SystemCoreClockUpdate
 .text          0x0800190c      0x5fc ..\obj\stm32f4xx_hal_flash.o
                0x0800190c                HAL_FLASH_Program
                0x080019b4                HAL_FLASH_Program_IT
                0x08001a50                HAL_FLASH_IRQHandler
                0x08001b94                HAL_FLASH_EndOfOperationCallback
                0x08001ba8                HAL_FLASH_OperationErrorCallback
                0x08001bbc                HAL_FLASH_Unlock
                0x08001bf0                HAL_FLASH_Lock
                0x08001c10                HAL_FLASH_OB_Unlock
                0x08001c48                HAL_FLASH_OB_Lock
                0x08001c68                HAL_FLASH_OB_Launch
                0x08001c90                HAL_FLASH_GetError
                0x08001ca8                FLASH_WaitForLastOperation
 *(.text*)
 .text.__libc_init_array
                0x08001f08       0x50 c:/program files (x86)/gnu tools arm embedded/4.9 2015q3/bin/../lib/gcc/arm-none-eabi/4.9.3/../../../../arm-none-eabi/lib/armv7e-m/fpu\libc.a(lib_a-init.o)
                0x08001f08                __libc_init_array
 .text.startup.register_fini
                0x08001f58       0x14 c:/program files (x86)/gnu tools arm embedded/4.9 2015q3/bin/../lib/gcc/arm-none-eabi/4.9.3/../../../../arm-none-eabi/lib/armv7e-m/fpu\libc.a(lib_a-__call_atexit.o)
 .text.atexit   0x08001f6c        0xc c:/program files (x86)/gnu tools arm embedded/4.9 2015q3/bin/../lib/gcc/arm-none-eabi/4.9.3/../../../../arm-none-eabi/lib/armv7e-m/fpu\libc.a(lib_a-atexit.o)
                0x08001f6c                atexit
 .text.__libc_fini_array
                0x08001f78       0x2c c:/program files (x86)/gnu tools arm embedded/4.9 2015q3/bin/../lib/gcc/arm-none-eabi/4.9.3/../../../../arm-none-eabi/lib/armv7e-m/fpu\libc.a(lib_a-fini.o)
                0x08001f78                __libc_fini_array
 .text.__register_exitproc
                0x08001fa4       0xa4 c:/program files (x86)/gnu tools arm embedded/4.9 2015q3/bin/../lib/gcc/arm-none-eabi/4.9.3/../../../../arm-none-eabi/lib/armv7e-m/fpu\libc.a(lib_a-__atexit.o)
                0x08001fa4                __register_exitproc
 .text.Reset_Handler
                0x08002048       0x50 ..\obj\startup_stm32f429xx.o
                0x08002048                Reset_Handler
 .text.Default_Handler
                0x08002098        0x2 ..\obj\startup_stm32f429xx.o
                0x08002098                RTC_Alarm_IRQHandler
                0x08002098                HASH_RNG_IRQHandler
                0x08002098                EXTI2_IRQHandler
                0x08002098                TIM8_CC_IRQHandler
                0x08002098                DebugMon_Handler
                0x08002098                UART8_IRQHandler
                0x08002098                SPI4_IRQHandler
                0x08002098                TIM1_CC_IRQHandler
                0x08002098                DMA2_Stream5_IRQHandler
                0x08002098                HardFault_Handler
                0x08002098                DMA1_Stream5_IRQHandler
                0x08002098                SysTick_Handler
                0x08002098                PVD_IRQHandler
                0x08002098                SDIO_IRQHandler
                0x08002098                TAMP_STAMP_IRQHandler
                0x08002098                PendSV_Handler
                0x08002098                NMI_Handler
                0x08002098                CAN2_RX1_IRQHandler
                0x08002098                EXTI3_IRQHandler
                0x08002098                TIM8_TRG_COM_TIM14_IRQHandler
                0x08002098                TIM1_UP_TIM10_IRQHandler
                0x08002098                TIM8_UP_TIM13_IRQHandler
                0x08002098                I2C3_ER_IRQHandler
                0x08002098                EXTI0_IRQHandler
                0x08002098                I2C2_EV_IRQHandler
                0x08002098                DMA1_Stream2_IRQHandler
                0x08002098                CAN1_RX0_IRQHandler
                0x08002098                FPU_IRQHandler
                0x08002098                OTG_HS_WKUP_IRQHandler
                0x08002098                UsageFault_Handler
                0x08002098                LTDC_ER_IRQHandler
                0x08002098                CAN2_SCE_IRQHandler
                0x08002098                DMA2_Stream2_IRQHandler
                0x08002098                SPI1_IRQHandler
                0x08002098                TIM6_DAC_IRQHandler
                0x08002098                TIM1_BRK_TIM9_IRQHandler
                0x08002098                DCMI_IRQHandler
                0x08002098                CAN2_RX0_IRQHandler
                0x08002098                DMA2_Stream3_IRQHandler
                0x08002098                USART6_IRQHandler
                0x08002098                USART3_IRQHandler
                0x08002098                CAN1_RX1_IRQHandler
                0x08002098                UART5_IRQHandler
                0x08002098                DMA2_Stream0_IRQHandler
                0x08002098                TIM4_IRQHandler
                0x08002098                I2C1_EV_IRQHandler
                0x08002098                DMA1_Stream6_IRQHandler
                0x08002098                DMA1_Stream1_IRQHandler
                0x08002098                UART4_IRQHandler
                0x08002098                TIM3_IRQHandler
                0x08002098                RCC_IRQHandler
                0x08002098                TIM8_BRK_TIM12_IRQHandler
                0x08002098                Default_Handler
                0x08002098                EXTI15_10_IRQHandler
                0x08002098                ADC_IRQHandler
                0x08002098                DMA1_Stream7_IRQHandler
                0x08002098                SPI5_IRQHandler
                0x08002098                TIM7_IRQHandler
                0x08002098                CAN2_TX_IRQHandler
                0x08002098                TIM5_IRQHandler
                0x08002098                DMA2_Stream7_IRQHandler
                0x08002098                I2C3_EV_IRQHandler
                0x08002098                EXTI9_5_IRQHandler
                0x08002098                RTC_WKUP_IRQHandler
                0x08002098                LTDC_IRQHandler
                0x08002098                ETH_WKUP_IRQHandler
                0x08002098                SPI2_IRQHandler
                0x08002098                OTG_HS_EP1_IN_IRQHandler
                0x08002098                MemManage_Handler
                0x08002098                DMA1_Stream0_IRQHandler
                0x08002098                CAN1_TX_IRQHandler
                0x08002098                SVC_Handler
                0x08002098                EXTI4_IRQHandler
                0x08002098                ETH_IRQHandler
                0x08002098                OTG_HS_EP1_OUT_IRQHandler
                0x08002098                WWDG_IRQHandler
                0x08002098                SPI6_IRQHandler
                0x08002098                TIM2_IRQHandler
                0x08002098                OTG_FS_WKUP_IRQHandler
                0x08002098                TIM1_TRG_COM_TIM11_IRQHandler
                0x08002098                OTG_HS_IRQHandler
                0x08002098                DMA2D_IRQHandler
                0x08002098                EXTI1_IRQHandler
                0x08002098                UART7_IRQHandler
                0x08002098                USART2_IRQHandler
                0x08002098                I2C2_ER_IRQHandler
                0x08002098                DMA2_Stream1_IRQHandler
                0x08002098                CAN1_SCE_IRQHandler
                0x08002098                FLASH_IRQHandler
                0x08002098                DMA2_Stream4_IRQHandler
                0x08002098                BusFault_Handler
                0x08002098                USART1_IRQHandler
                0x08002098                OTG_FS_IRQHandler
                0x08002098                SPI3_IRQHandler
                0x08002098                DMA1_Stream4_IRQHandler
                0x08002098                I2C1_ER_IRQHandler
                0x08002098                FMC_IRQHandler
                0x08002098                DMA2_Stream6_IRQHandler
                0x08002098                SAI1_IRQHandler
                0x08002098                DMA1_Stream3_IRQHandler
 *(.glue_7)
 .glue_7        0x00000000        0x0 linker stubs
 *(.glue_7t)
 .glue_7t       0x00000000        0x0 linker stubs
 *(.eh_frame)
 *fill*         0x0800209a        0x2 
 .eh_frame      0x0800209c        0x0 c:/program files (x86)/gnu tools arm embedded/4.9 2015q3/bin/../lib/gcc/arm-none-eabi/4.9.3/armv7e-m/fpu/crtbegin.o
 *(.init)
 .init          0x0800209c        0x4 c:/program files (x86)/gnu tools arm embedded/4.9 2015q3/bin/../lib/gcc/arm-none-eabi/4.9.3/armv7e-m/fpu/crti.o
                0x0800209c                _init
 .init          0x080020a0        0x8 c:/program files (x86)/gnu tools arm embedded/4.9 2015q3/bin/../lib/gcc/arm-none-eabi/4.9.3/armv7e-m/fpu/crtn.o
 *(.fini)
 .fini          0x080020a8        0x4 c:/program files (x86)/gnu tools arm embedded/4.9 2015q3/bin/../lib/gcc/arm-none-eabi/4.9.3/armv7e-m/fpu/crti.o
                0x080020a8                _fini
 .fini          0x080020ac        0x8 c:/program files (x86)/gnu tools arm embedded/4.9 2015q3/bin/../lib/gcc/arm-none-eabi/4.9.3/armv7e-m/fpu/crtn.o
                0x080020b4                . = ALIGN (0x4)
                0x080020b4                _etext = .

.vfp11_veneer   0x080020b4        0x0
 .vfp11_veneer  0x00000000        0x0 linker stubs

.v4_bx          0x080020b4        0x0
 .v4_bx         0x00000000        0x0 linker stubs

.iplt           0x080020b4        0x0
 .iplt          0x00000000        0x0 c:/program files (x86)/gnu tools arm embedded/4.9 2015q3/bin/../lib/gcc/arm-none-eabi/4.9.3/armv7e-m/fpu/crtbegin.o

.rodata         0x080020b4        0x8
                0x080020b4                . = ALIGN (0x4)
 *(.rodata)
 *(.rodata*)
 .rodata.str1.4
                0x080020b4        0x4 c:/program files (x86)/gnu tools arm embedded/4.9 2015q3/bin/../lib/gcc/arm-none-eabi/4.9.3/../../../../arm-none-eabi/lib/armv7e-m/fpu\libc.a(lib_a-impure.o)
                                  0x2 (size before relaxing)
 .rodata._global_impure_ptr
                0x080020b8        0x4 c:/program files (x86)/gnu tools arm embedded/4.9 2015q3/bin/../lib/gcc/arm-none-eabi/4.9.3/../../../../arm-none-eabi/lib/armv7e-m/fpu\libc.a(lib_a-impure.o)
                0x080020b8                _global_impure_ptr
                0x080020bc                . = ALIGN (0x4)

.rel.dyn        0x080020bc        0x0
 .rel.iplt      0x00000000        0x0 c:/program files (x86)/gnu tools arm embedded/4.9 2015q3/bin/../lib/gcc/arm-none-eabi/4.9.3/armv7e-m/fpu/crtbegin.o

.ARM.extab
 *(.ARM.extab* .gnu.linkonce.armextab.*)

.ARM            0x080020bc        0x0
                0x080020bc                __exidx_start = .
 *(.ARM.exidx*)
                0x080020bc                __exidx_end = .

.preinit_array  0x080020bc        0x0
                0x080020bc                PROVIDE (__preinit_array_start, .)
 *(.preinit_array*)
                0x080020bc                PROVIDE (__preinit_array_end, .)

.init_array     0x080020bc        0x8
                0x080020bc                PROVIDE (__init_array_start, .)
 *(SORT(.init_array.*))
 .init_array.00000
                0x080020bc        0x4 c:/program files (x86)/gnu tools arm embedded/4.9 2015q3/bin/../lib/gcc/arm-none-eabi/4.9.3/../../../../arm-none-eabi/lib/armv7e-m/fpu\libc.a(lib_a-__call_atexit.o)
 *(.init_array*)
 .init_array    0x080020c0        0x4 c:/program files (x86)/gnu tools arm embedded/4.9 2015q3/bin/../lib/gcc/arm-none-eabi/4.9.3/armv7e-m/fpu/crtbegin.o
                0x080020c4                PROVIDE (__init_array_end, .)

.fini_array     0x080020c4        0x4
                0x080020c4                PROVIDE (__fini_array_start, .)
 *(SORT(.fini_array.*))
 *(.fini_array*)
 .fini_array    0x080020c4        0x4 c:/program files (x86)/gnu tools arm embedded/4.9 2015q3/bin/../lib/gcc/arm-none-eabi/4.9.3/armv7e-m/fpu/crtbegin.o
                0x080020c8                PROVIDE (__fini_array_end, .)
                0x080020c8                _sidata = LOADADDR (.data)

.data           0x20000000      0x440 load address 0x080020c8
                0x20000000                . = ALIGN (0x4)
                0x20000000                _sdata = .
 *(.data)
 .data          0x20000000       0x14 ..\obj\system_stm32f4xx.o
                0x20000000                SystemCoreClock
                0x20000004                AHBPrescTable
 *(.data*)
 *fill*         0x20000014        0x4 
 .data.impure_data
                0x20000018      0x428 c:/program files (x86)/gnu tools arm embedded/4.9 2015q3/bin/../lib/gcc/arm-none-eabi/4.9.3/../../../../arm-none-eabi/lib/armv7e-m/fpu\libc.a(lib_a-impure.o)
                0x20000440                . = ALIGN (0x4)
 *(.rwtext)
                0x20000440                . = ALIGN (0x4)
                0x20000440                _edata = .
                0x08002508                _siccmram = LOADADDR (.ccmram)

.jcr            0x20000440        0x0 load address 0x08002508
 .jcr           0x20000440        0x0 c:/program files (x86)/gnu tools arm embedded/4.9 2015q3/bin/../lib/gcc/arm-none-eabi/4.9.3/armv7e-m/fpu/crtbegin.o

.igot.plt       0x20000440        0x0 load address 0x08002508
 .igot.plt      0x00000000        0x0 c:/program files (x86)/gnu tools arm embedded/4.9 2015q3/bin/../lib/gcc/arm-none-eabi/4.9.3/armv7e-m/fpu/crtbegin.o

.ccmram         0x10000000        0x0 load address 0x08002508
                0x10000000                . = ALIGN (0x4)
                0x10000000                _sccmram = .
 *(.ccmram)
 *(.ccmram*)
                0x10000000                . = ALIGN (0x4)
                0x10000000                _eccmram = .
                0x10000000                . = ALIGN (0x4)

.bss            0x20000440       0x40
                0x20000440                _sbss = .
                0x20000440                __bss_start__ = _sbss
 *(.bss)
 .bss           0x20000440       0x1c c:/program files (x86)/gnu tools arm embedded/4.9 2015q3/bin/../lib/gcc/arm-none-eabi/4.9.3/armv7e-m/fpu/crtbegin.o
 *(.bss*)
 *(COMMON)
 COMMON         0x2000045c        0x4 ..\obj\stm32f4xx_hal.o
                0x2000045c                uwTick
 COMMON         0x20000460       0x20 ..\obj\stm32f4xx_hal_flash.o
                0x20000460                pFlash
                0x20000480                . = ALIGN (0x4)
                0x20000480                _ebss = .
                0x20000480                __bss_end__ = _ebss

._user_heap_stack
                0x20000480      0x600
                0x20000480                . = ALIGN (0x4)
                0x20000480                PROVIDE (end, .)
                0x20000480                PROVIDE (_end, .)
                0x20000680                . = (. + _Min_Heap_Size)
 *fill*         0x20000480      0x200 
                0x20000a80                . = (. + _Min_Stack_Size)
 *fill*         0x20000680      0x400 
                0x20000a80                . = ALIGN (0x4)

/DISCARD/
 libc.a(*)
 libm.a(*)
 libgcc.a(*)

.ARM.attributes
                0x00000000       0x30
 *(.ARM.attributes)
 .ARM.attributes
                0x00000000       0x22 c:/program files (x86)/gnu tools arm embedded/4.9 2015q3/bin/../lib/gcc/arm-none-eabi/4.9.3/armv7e-m/fpu/crti.o
 .ARM.attributes
                0x00000022       0x34 c:/program files (x86)/gnu tools arm embedded/4.9 2015q3/bin/../lib/gcc/arm-none-eabi/4.9.3/armv7e-m/fpu/crtbegin.o
 .ARM.attributes
                0x00000056       0x39 ..\obj\main.o
 .ARM.attributes
                0x0000008f       0x39 ..\obj\stm32f4xx_hal_flash_ex.o
 .ARM.attributes
                0x000000c8       0x39 ..\obj\stm32f4xx_hal.o
 .ARM.attributes
                0x00000101       0x39 ..\obj\stm32f4xx_hal_cortex.o
 .ARM.attributes
                0x0000013a       0x39 ..\obj\system_stm32f4xx.o
 .ARM.attributes
                0x00000173       0x21 ..\obj\startup_stm32f429xx.o
 .ARM.attributes
                0x00000194       0x39 ..\obj\stm32f4xx_hal_flash.o
 .ARM.attributes
                0x000001cd       0x22 c:/program files (x86)/gnu tools arm embedded/4.9 2015q3/bin/../lib/gcc/arm-none-eabi/4.9.3/armv7e-m/fpu/crtn.o
LOAD ..\obj\main.o
LOAD ..\obj\stm32f4xx_hal_flash_ex.o
LOAD ..\obj\stm32f4xx_hal.o
LOAD ..\obj\stm32f4xx_hal_cortex.o
LOAD ..\obj\stm32f4xx_hal_flash_ramfunc.o
LOAD ..\obj\system_stm32f4xx.o
LOAD ..\obj\startup_stm32f429xx.o
LOAD ..\obj\stm32f4xx_hal_flash.o
START GROUP
LOAD c:/program files (x86)/gnu tools arm embedded/4.9 2015q3/bin/../lib/gcc/arm-none-eabi/4.9.3/armv7e-m/fpu\libgcc.a
LOAD c:/program files (x86)/gnu tools arm embedded/4.9 2015q3/bin/../lib/gcc/arm-none-eabi/4.9.3/../../../../arm-none-eabi/lib/armv7e-m/fpu\libg.a
LOAD c:/program files (x86)/gnu tools arm embedded/4.9 2015q3/bin/../lib/gcc/arm-none-eabi/4.9.3/../../../../arm-none-eabi/lib/armv7e-m/fpu\libc.a
END GROUP
LOAD c:/program files (x86)/gnu tools arm embedded/4.9 2015q3/bin/../lib/gcc/arm-none-eabi/4.9.3/armv7e-m/fpu/crtend.o
LOAD c:/program files (x86)/gnu tools arm embedded/4.9 2015q3/bin/../lib/gcc/arm-none-eabi/4.9.3/armv7e-m/fpu/crtn.o
OUTPUT(Flash.elf elf32-littlearm)

.debug_info     0x00000000     0x2e33
 .debug_info    0x00000000      0x214 ..\obj\main.o
 .debug_info    0x00000214      0x92e ..\obj\stm32f4xx_hal_flash_ex.o
 .debug_info    0x00000b42      0xa27 ..\obj\stm32f4xx_hal.o
 .debug_info    0x00001569      0xd2a ..\obj\stm32f4xx_hal_cortex.o
 .debug_info    0x00002293      0x5a5 ..\obj\system_stm32f4xx.o
 .debug_info    0x00002838       0xb9 ..\obj\startup_stm32f429xx.o
 .debug_info    0x000028f1      0x542 ..\obj\stm32f4xx_hal_flash.o

.debug_abbrev   0x00000000      0xb8d
 .debug_abbrev  0x00000000       0xfa ..\obj\main.o
 .debug_abbrev  0x000000fa      0x29e ..\obj\stm32f4xx_hal_flash_ex.o
 .debug_abbrev  0x00000398      0x212 ..\obj\stm32f4xx_hal.o
 .debug_abbrev  0x000005aa      0x2be ..\obj\stm32f4xx_hal_cortex.o
 .debug_abbrev  0x00000868      0x136 ..\obj\system_stm32f4xx.o
 .debug_abbrev  0x0000099e       0x12 ..\obj\startup_stm32f429xx.o
 .debug_abbrev  0x000009b0      0x1dd ..\obj\stm32f4xx_hal_flash.o

.debug_aranges  0x00000000       0xe8
 .debug_aranges
                0x00000000       0x20 ..\obj\main.o
 .debug_aranges
                0x00000020       0x20 ..\obj\stm32f4xx_hal_flash_ex.o
 .debug_aranges
                0x00000040       0x20 ..\obj\stm32f4xx_hal.o
 .debug_aranges
                0x00000060       0x20 ..\obj\stm32f4xx_hal_cortex.o
 .debug_aranges
                0x00000080       0x20 ..\obj\system_stm32f4xx.o
 .debug_aranges
                0x000000a0       0x28 ..\obj\startup_stm32f429xx.o
 .debug_aranges
                0x000000c8       0x20 ..\obj\stm32f4xx_hal_flash.o

.debug_line     0x00000000     0x129b
 .debug_line    0x00000000      0x221 ..\obj\main.o
 .debug_line    0x00000221      0x413 ..\obj\stm32f4xx_hal_flash_ex.o
 .debug_line    0x00000634      0x2dd ..\obj\stm32f4xx_hal.o
 .debug_line    0x00000911      0x361 ..\obj\stm32f4xx_hal_cortex.o
 .debug_line    0x00000c72      0x263 ..\obj\system_stm32f4xx.o
 .debug_line    0x00000ed5       0xb1 ..\obj\startup_stm32f429xx.o
 .debug_line    0x00000f86      0x315 ..\obj\stm32f4xx_hal_flash.o

.debug_str      0x00000000     0x16c8
 .debug_str     0x00000000      0x269 ..\obj\main.o
                                0x2c1 (size before relaxing)
 .debug_str     0x00000269      0x490 ..\obj\stm32f4xx_hal_flash_ex.o
                                0x6f0 (size before relaxing)
 .debug_str     0x000006f9      0x8fa ..\obj\stm32f4xx_hal.o
                                0xb24 (size before relaxing)
 .debug_str     0x00000ff3      0x40d ..\obj\stm32f4xx_hal_cortex.o
                                0xc51 (size before relaxing)
 .debug_str     0x00001400       0xcb ..\obj\system_stm32f4xx.o
                                0x3ca (size before relaxing)
 .debug_str     0x000014cb      0x1fd ..\obj\stm32f4xx_hal_flash.o
                                0x533 (size before relaxing)

.comment        0x00000000       0x70
 .comment       0x00000000       0x70 ..\obj\main.o
                                 0x71 (size before relaxing)
 .comment       0x00000000       0x71 ..\obj\stm32f4xx_hal_flash_ex.o
 .comment       0x00000000       0x71 ..\obj\stm32f4xx_hal.o
 .comment       0x00000000       0x71 ..\obj\stm32f4xx_hal_cortex.o
 .comment       0x00000000       0x71 ..\obj\system_stm32f4xx.o
 .comment       0x00000000       0x71 ..\obj\stm32f4xx_hal_flash.o

.debug_frame    0x00000000      0xe18
 .debug_frame   0x00000000       0x58 ..\obj\main.o
 .debug_frame   0x00000058      0x378 ..\obj\stm32f4xx_hal_flash_ex.o
 .debug_frame   0x000003d0      0x310 ..\obj\stm32f4xx_hal.o
 .debug_frame   0x000006e0      0x450 ..\obj\stm32f4xx_hal_cortex.o
 .debug_frame   0x00000b30       0x7c ..\obj\system_stm32f4xx.o
 .debug_frame   0x00000bac      0x26c ..\obj\stm32f4xx_hal_flash.o

.debug_ranges   0x00000000       0x20
 .debug_ranges  0x00000000       0x20 ..\obj\startup_stm32f429xx.o
